These nodes have different hashes:

<code>some-url</code>
StateHash:
<b>some-sum-hash</b>
BlockID:
<b>some-block-id</b>

<code>another-url</code>
StateHash:
<b>another-sum-hash</b>
BlockID:
<b>another-block-id</b>

<code>one-more-url</code>
StateHash:
<b>one-more-sum-hash</b>
BlockID:
<b>one-more-block-id</b>


at height
